// Jest Snapshot v1, https://goo.gl/fbAQLP

exports[`renders the component Login 1`] = `undefined`;
