// Jest Snapshot v1, https://goo.gl/fbAQLP

exports[`renders the component Phone 1`] = `undefined`;
